GNU gdb (GDB) 7.6.1
Copyright (C) 2013 Free Software Foundation, Inc.
License GPLv3+: GNU GPL version 3 or later <http://gnu.org/licenses/gpl.html>
This is free software: you are free to change and redistribute it.
There is NO WARRANTY, to the extent permitted by law.  Type "show copying"
and "show warranty" for details.
This GDB was configured as "mingw32".
For bug reporting instructions, please see:
<http://www.gnu.org/software/gdb/bugs/>...
Reading symbols from C:\Users\AMAN ARIF\Desktop\PSC\c-activity-sets\set02\problem02.exe...done.
(gdb) r
Starting program: C:\Users\AMAN ARIF\Desktop\PSC\c-activity-sets\set02/problem02.exe 
[New Thread 26048.0x734c]
[New Thread 26048.0x28bc]
[New Thread 26048.0x6784]
[New Thread 26048.0x6cf0]
Enter the length of a side:
4
Enter the length of a side:
4
Enter the length of a side:
8
The triangle with the sides 4 , 4 and 8 is not scalene
[Inferior 1 (process 26048) exited normally]
(gdb) b 18
Breakpoint 1 at 0x40148d: file C:\Users\AMAN ARIF\Desktop\PSC\c-activity-sets\set02\problem02.c, line 18.
(gdb) r
Starting program: C:\Users\AMAN ARIF\Desktop\PSC\c-activity-sets\set02/problem02.exe 
[New Thread 1652.0x5934]
[New Thread 1652.0x5fcc]
[New Thread 1652.0x6450]
[New Thread 1652.0x31f4]
Enter the length of a side:
4
Enter the length of a side:
4
Enter the length of a side:
8

Breakpoint 1, check_scalene (a=4, b=4, c=8) at C:\Users\AMAN ARIF\Desktop\PSC\c-activity-sets\set02\problem02.c:19
19          if(a!=b && b!=c && c!=a){
(gdb) n
23              return 0;
(gdb) n
25      }
(gdb) n
main () at C:\Users\AMAN ARIF\Desktop\PSC\c-activity-sets\set02\problem02.c:40
40          output(a, b, c, result);
(gdb) n
The triangle with the sides 4 , 4 and 8 is not scalene
41      }(gdb) n
0x00401288 in __register_frame_info ()
(gdb) n
Single stepping until exit from function __register_frame_info,
which has no line number information.
0x0040128a in __register_frame_info ()
(gdb) q
A debugging session is active.

        Inferior 1 [process 1652] will be killed.

Quit anyway? (y or n) y
error return ../../gdb-7.6.1/gdb/windows-nat.c:1275 was 5