GNU gdb (GDB) 7.6.1
Copyright (C) 2013 Free Software Foundation, Inc.
License GPLv3+: GNU GPL version 3 or later <http://gnu.org/licenses/gpl.html>
This is free software: you are free to change and redistribute it.
There is NO WARRANTY, to the extent permitted by law.  Type "show copying"
and "show warranty" for details.
This GDB was configured as "mingw32".
For bug reporting instructions, please see:
<http://www.gnu.org/software/gdb/bugs/>...
Reading symbols from C:\Users\AMAN ARIF\Desktop\PSC\c-activity-sets\set01\problem11.exe...done.
(gdb) r
Starting program: C:\Users\AMAN ARIF\Desktop\PSC\c-activity-sets\set01/problem11.exe 
[New Thread 20788.0x67ac]
[New Thread 20788.0x5398]
[New Thread 20788.0x7bc4]
[New Thread 20788.0x46d8]
Enter the real part: 3
Enter the imaginary part: 4
Enter the real part: 3
Enter the imaginary part: 4
Sum of complex numbers is 6.00 + 8.00i
[Inferior 1 (process 20788) exited normally]
(gdb) b 15
Breakpoint 1 at 0x4014b5: file C:\Users\AMAN ARIF\Desktop\PSC\c-activity-sets\set01\problem11.c, line 15.
(gdb) r
Starting program: C:\Users\AMAN ARIF\Desktop\PSC\c-activity-sets\set01/problem11.exe 
[New Thread 24224.0x5a20]
[New Thread 24224.0x9cc]
[New Thread 24224.0x4e6c]
[New Thread 24224.0x5284]
Enter the real part: 1
Enter the imaginary part: 1
Enter the real part: 1
Enter the imaginary part: 1

Breakpoint 1, add_complex (a=..., b=...) at C:\Users\AMAN ARIF\Desktop\PSC\c-activity-sets\set01\problem11.c:17
17          sum.real = a.real + b.real;
(gdb) n
18          sum.imaginary = a.imaginary + b.imaginary;
(gdb) n
19          return sum;
(gdb) n 
20      }
(gdb) n
main () at C:\Users\AMAN ARIF\Desktop\PSC\c-activity-sets\set01\problem11.c:29
29          output(complex1, complex2, sum);
(gdb) n
Sum of complex numbers is 2.00 + 2.00i
30          return 0;
(gdb) q
A debugging session is active.

        Inferior 1 [process 24224] will be killed.

Quit anyway? (y or n) y
error return ../../gdb-7.6.1/gdb/windows-nat.c:1275 was 5