GNU gdb (GDB) 7.6.1
Copyright (C) 2013 Free Software Foundation, Inc.
License GPLv3+: GNU GPL version 3 or later <http://gnu.org/licenses/gpl.html>
This is free software: you are free to change and redistribute it.
There is NO WARRANTY, to the extent permitted by law.  Type "show copying"
and "show warranty" for details.
This GDB was configured as "mingw32".
For bug reporting instructions, please see:
<http://www.gnu.org/software/gdb/bugs/>...
Reading symbols from C:\Users\AMAN ARIF\Desktop\PSC\c-activity-sets\set01\a.exe...done.
(gdb) b main
Breakpoint 1 at 0x40146e: file problem01.c, line 4.
(gdb) r
Starting program: C:\Users\AMAN ARIF\Desktop\PSC\c-activity-sets\set01/a.exe 
[New Thread 3420.0x32e8]
[New Thread 3420.0x23ec]
[New Thread 3420.0x3088]
[New Thread 3420.0x66dc]

Breakpoint 1, main () at problem01.c:4
warning: Source file is more recent than executable.
4           printf("My name is Fiza Anwar.\n");
(gdb) n
My name is Fiza Anwar.5     return 0;
(gdb) f
#0  main () at problem01.c:5
5           return 0;
(gdb) b printf
Breakpoint 2 at 0x402064 (2 locations)
(gdb) r
The program being debugged has been started already.
Start it from the beginning? (y or n) n
Program not restarted.
(gdb) n
(gdb) r
6       The program being debugged has been started already.
Start it from the beginning? (y or n) y
error return ../../gdb-7.6.1/gdb/windows-nat.c:1275 was 5
Starting program: C:\Users\AMAN ARIF\Desktop\PSC\c-activity-sets\set01/a.exe
[New Thread 32264.0x3f8]
[New Thread 32264.0x6f20]
[New Thread 32264.0x6e18]
[New Thread 32264.0x7d04]

Breakpoint 1, main () at problem01.c:4
4           printf("My name is Fiza Anwar.\n");
(gdb) n